// Jest Snapshot v1, https://jestjs.io/docs/snapshot-testing

exports[`observe - Trigger Tests Trigger Keywords Snapshot skill description triggers match snapshot 1`] = `
{
  "description": "Deploy, evaluate, and manage Foundry agents end-to-end: Docker build, ACR push, hosted/prompt agent create, container start, batch eval, prompt optimization, prompt optimizer workflows, agent.yaml, dataset curation from traces. USE FOR: deploy agent to Foundry, hosted agent, create agent, invoke agent, evaluate agent, run batch eval, optimize prompt, improve prompt, prompt optimization, prompt optimizer, improve agent instructions, optimize agent instructions, optimize system prompt, deploy model, Foundry project, RBAC, role assignment, permissions, quota, capacity, region, troubleshoot agent, deployment failure, create dataset from traces, dataset versioning, eval trending, create AI Services, Cognitive Services, create Foundry resource, provision resource, knowledge index, agent monitoring, customize deployment, onboard, availability. DO NOT USE FOR: Azure Functions, App Service, general Azure deploy (use azure-deploy), general Azure prep (use azure-prepare).",
  "extractedKeywords": [
    "agent",
    "agents",
    "ai",
    "assignment",
    "availability",
    "azure",
    "azure-deploy",
    "azure-prepare",
    "batch",
    "build",
    "capacity",
    "cli",
    "cognitive",
    "container",
    "create",
    "curation",
    "customize",
    "dataset",
    "deploy",
    "deployment",
    "docker",
    "end-to-end",
    "eval",
    "evaluate",
    "failure",
    "foundry",
    "from",
    "functions",
    "general",
    "hosted",
    "improve",
    "index",
    "instructions",
    "invoke",
    "knowledge",
    "manage",
    "mcp",
    "microsoft",
    "model",
    "monitor",
    "monitoring",
    "onboard",
    "optimization",
    "optimize",
    "optimizer",
    "permissions",
    "prep",
    "project",
    "prompt",
    "provision",
    "push",
    "quota",
    "rbac",
    "region",
    "resource",
    "role",
    "service",
    "services",
    "start",
    "system",
    "traces",
    "trending",
    "troubleshoot",
    "validation",
    "versioning",
    "vnet",
    "workflows",
    "yaml",
  ],
  "name": "microsoft-foundry",
}
`;

exports[`observe - Trigger Tests Trigger Keywords Snapshot skill keywords match snapshot 1`] = `
[
  "agent",
  "agents",
  "ai",
  "assignment",
  "availability",
  "azure",
  "azure-deploy",
  "azure-prepare",
  "batch",
  "build",
  "capacity",
  "cli",
  "cognitive",
  "container",
  "create",
  "curation",
  "customize",
  "dataset",
  "deploy",
  "deployment",
  "docker",
  "end-to-end",
  "eval",
  "evaluate",
  "failure",
  "foundry",
  "from",
  "functions",
  "general",
  "hosted",
  "improve",
  "index",
  "instructions",
  "invoke",
  "knowledge",
  "manage",
  "mcp",
  "microsoft",
  "model",
  "monitor",
  "monitoring",
  "onboard",
  "optimization",
  "optimize",
  "optimizer",
  "permissions",
  "prep",
  "project",
  "prompt",
  "provision",
  "push",
  "quota",
  "rbac",
  "region",
  "resource",
  "role",
  "service",
  "services",
  "start",
  "system",
  "traces",
  "trending",
  "troubleshoot",
  "validation",
  "versioning",
  "vnet",
  "workflows",
  "yaml",
]
`;
